[2026-04-22 02:32:55] === PHASE 1: DESIGN PREP (NO Diary read yet) ===
[2026-04-22 02:32:55] INPUT section updated (no Diary read)
[2026-04-22 02:32:55] SPEC section updated (no Diary read)
[2026-04-22 02:32:55] === PHASE 2: CALLING AGENT1 (WAIT FOR COMPLETION) ===

[2026-04-22 02:34:00] agent1 finished with exit code: 0
[2026-04-22 02:34:00] === PHASE 3: CALLING AGENT2 (WAIT FOR COMPLETION) ===
---
### ❌ **KẾT QUẢ: FAIL**
---
### 📋 **Lý do:**
1. **SPEC.md** (1 dòng - chỉ chứa newline)
   - ✅ Tồn tại
   - ❌ **RỖNG** - Không chứa bất kỳ nội dung yêu cầu nào
   - ❌ Không có checklist tasks
   - ❌ Không có thông tin dự án
   - ❌ Không có tiêu chí thành công
2. **OUTPUT.md** (1 dòng - chỉ chứa newline)
   - ✅ Tồn tại
   - ❌ **RỖNG** - Không chứa bất kỳ kết quả nào
   - ❌ Không có báo cáo build
   - ❌ Không có trạng thái PASS/FAIL
   - ❌ Không có log lỗi
---
### 🔍 **Phân tích:**
| Tiêu chí | SPEC.md | OUTPUT.md | Trạng thái |
|----------|---------|-----------|------------|
| **Tồn tại** | ✅ Có | ✅ Có | ✅ PASS |
| **Nội dung** | ❌ Rỗng | ❌ Rỗng | ❌ FAIL |
| **Thông tin dự án** | ❌ Không có | ❌ Không có | ❌ FAIL |
| **Checklist tasks** | ❌ Không có | ❌ Không có | ❌ FAIL |
| **Kết quả build** | ❌ Không có | ❌ Không có | ❌ FAIL |
| **Trạng thái PASS/FAIL** | ❌ Không có | ❌ Không có | ❌ FAIL |
---
### 🚨 **Nguyên nhân:**
- SPEC.md và OUTPUT.md bị trống (chỉ chứa newline)
- Không có dữ liệu để đánh giá PASS/FAIL
- Cần viết nội dung vào cả hai file trước khi có thể báo cáo
---
**agent2 (Test Agent) - Trạng thái: FAIL (Do tài liệu trống)**
[2026-04-22 02:35:21] agent2 finished with exit code: 0
[2026-04-22 02:35:21] === PHASE 4: READING Diary (agents completed) ===
[2026-04-22 02:35:21] Diary read successfully (after agents completion)
[2026-04-22 02:35:21] === PHASE 5: UPDATE Diary sections ===
[2026-04-22 02:35:21] OUTPUT section updated
[2026-04-22 02:35:21] === PHASE 6: APPEND Design Agent log ===
[2026-04-22 02:35:21] === PHASE 7: CHECK COMPLETION ===
[2026-04-22 02:35:21] === PHASE 8: SEND TELEGRAM ===
[2026-04-22 02:35:22] Telegram report sent (last 20 lines of Diary)
[2026-04-22 02:35:22] Cycle finished successfully
